┌ detent v0.32.0 (abcdef1) ────────────────────────────────────────────────────────────────────────────────────────────┐
│ https://github.com/digitaldrywood/detent · release-captain (detent-bot) · scope: assignee in @me (detent-bot, release│
│ ● 7 running   ◐ 5 queued   ✗ 5 blocked   ✓ 10 completed · up 12m 5s · next 2026-05-31T00:16:00Z                      │
│ 7 tps · tok in 110 / out 220 · budget enabled current $12.50 | projected $0.75 | day max $50.00 | issue max $5.00    │
│ dashboard http://localhost:4101 · rate codex-primary | primary 90/100 reset 60s | secondary 0/100 reset 30s | credits│
├ ▶ RUNNING (7) ───────────────────────────────────────────────────────────────────────────────────────────────────────┤
│ ID        STAGE         PID         AGE / TURN    TOKENS/CTX    SESSION         EVENT                                │
│ ● #476    In Progress   4206        12m 5s / 7    315,840       019f...000006   turn 7 completed                     │
│ ● #477    In Progress   4205        12m 5s / 6    270,720       019f...000005   turn 6 completed                     │
│ ● #478    In Progress   4204        12m 5s / 5    225,600       019f...000004   turn 5 completed                     │
│ ● #479    In Progress   4203        12m 5s / 4    180,480       019f...000003   turn 4 completed                     │
│ ● #480    In Progress   4202        12m 5s / 3    135,360       019f...000002   turn 3 completed                     │
│ ● #481    In Progress   4201        12m 5s / 2    90,240        019f...000001   turn 2 completed                     │
│ ● #482    In Progress   4200        12m 5s / 1    45,120        019f...000000   turn 1 completed                     │
├ QUEUE (5) ───────────────────────────────────────────────────────────────────────────────────────────────────────────┤
│ ◐ #470  attempt 1  retry┌ HELP ────────────────────────────────────────────────────────────┐                         │
│ ◐ #469  attempt 2  retry│ q / esc       quit                                               │                         │
│ ◐ #468  attempt 3  retry│ ctrl+c       drain; press twice to force quit                    │                         │
│ ◐ #467  attempt 4  retry│ d            open web dashboard                                  │                         │
│ ◐ #466  attempt 5  retry│ 1-4          collapse Running / Queue / Blocked / Completed      │                         │
├ BLOCKED (5) ────────────│ tab          focus next section                                  │─────────────────────────┤
│ ✗ #456  blocked by depen│ j / ↓        scroll down                                         │                         │
│ ✗ #457  blocked by depen│ k / ↑        scroll up                                           │                         │
│ ✗ #458  blocked by depen│ ?            show help; any key closes                           │                         │
│ ✗ #459  blocked by depen└──────────────────────────────────────────────────────────────────┘                         │
│ ✗ #460  blocked by dependency #900                                                                                   │
├ COMPLETED (10) ──────────────────────────────────────────────────────────────────────────────────────────────────────┤
│ ✓ #450  Done  10m 5s / 4  88,410  gpt-5                                                                              │
│ ✓ #449  Done  10m 5s / 4  176,820  gpt-5                                                                             │
│ ✓ #448  Done  10m 5s / 4  265,230  gpt-5                                                                             │
│ ✓ #447  Done  10m 5s / 4  353,640  gpt-5                                                                             │
│ ✓ #446  Done  10m 5s / 4  442,050  gpt-5                                                                             │
│ ✓ #445  Done  10m 5s / 4  530,460  gpt-5                                                                             │
│ ✓ #444  Done  10m 5s / 4  618,870  gpt-5                                                                             │
│ ✓ #443  Done  10m 5s / 4  707,280  gpt-5                                                                             │
│ ✓ #442  Done  10m 5s / 4  795,690  gpt-5                                                                             │
│ ✓ #441  Done  10m 5s / 4  884,100  gpt-5                                                                             │
├──────────────────────────────────────────────────────────────────────────────────────────────────────────────────────┤
│ q quit · d dashboard · tab focus · 1-4 collapse · j/k/↑/↓ scroll · ? help                   logs /var/log/detent.log │
└──────────────────────────────────────────────────────────────────────────────────────────────────────────────────────┘