┌ detent v0.32.0 (abcdef1) ────────────────────────────────────────────────────┐
│ Dashboard: http://localhost:4000                                             │
│ Logs: /var/log/detent.log                                                    │
│ Telemetry subscription active                                                │
│                                                                              │
├ STATUS (0) ──────────────────────────────────────────────────────────────────┤
│                                                                              │
│ Waiting for telemetry snapshot                                               │
│                                                                              │
│                                                                              │
│                                                                              │
│                                                                              │
│                                                                              │
│                                                                              │
│                                                                              │
│                                                                              │
│                                                                              │
│                                                                              │
│                                                                              │
│                                                                              │
│                                                                              │
├──────────────────────────────────────────────────────────────────────────────┤
│ q quit · ? help                                     logs /var/log/detent.log │
└──────────────────────────────────────────────────────────────────────────────┘